2026-01-17 03:45:45,046 - main - INFO - === Logging system initialized ===
2026-01-17 03:45:45,047 - main - INFO - Log file: logs/app_20260117_034545.log
2026-01-17 03:45:45,047 - main - INFO - Log level: INFO
2026-01-17 03:45:45,047 - main - INFO - Timestamp: 20260117_034545
2026-01-17 03:45:45,093 - main - INFO - Included router: routers.acquisti.router
2026-01-17 03:45:45,625 - main - INFO - Included router: routers.aihub.router
2026-01-17 03:45:45,637 - main - INFO - Included router: routers.analytics.router
2026-01-17 03:45:45,649 - main - INFO - Included router: routers.auth.router
2026-01-17 03:45:45,653 - main - INFO - Included router: routers.custom_auth.router
2026-01-17 03:45:45,664 - main - INFO - Included router: routers.data.router
2026-01-17 03:45:45,704 - main - INFO - Included router: routers.fornitori.router
2026-01-17 03:45:45,822 - main - INFO - Included router: routers.health.router
2026-01-17 03:45:45,838 - main - INFO - Included router: routers.settings.router
2026-01-17 03:45:45,867 - main - INFO - Included router: routers.storage.router
2026-01-17 03:45:45,885 - main - INFO - Included router: routers.upload.router
2026-01-17 03:45:45,891 - main - INFO - Included router: routers.user.router
2026-01-17 03:45:45,923 - main - INFO - Included router: routers.vendite.router
2026-01-17 03:45:45,924 - main - INFO - === Application startup initiated ===
2026-01-17 03:45:45,924 - services.database - DEBUG - [DB_OP] Starting database initialization
2026-01-17 03:45:45,924 - services.database - INFO - 🔧 Starting database initialization...
2026-01-17 03:45:45,924 - core.database - INFO - Starting database initialization...
2026-01-17 03:45:45,924 - core.config - DEBUG - Read dynamic attribute database_url from environment variable DATABASE_URL
2026-01-17 03:45:45,924 - core.database - INFO - Normalizing database URL for async compatibility...
2026-01-17 03:45:45,925 - core.database - INFO - Creating async database engine...
2026-01-17 03:45:45,925 - core.database - INFO - Using QueuePool with connection pooling for non-Lambda environment
2026-01-17 03:45:45,966 - core.database - INFO - Database engine created successfully
2026-01-17 03:45:45,966 - core.database - INFO - Creating async session maker...
2026-01-17 03:45:45,966 - core.database - INFO - Async session maker created successfully
2026-01-17 03:45:45,966 - core.database - INFO - Database connection initialized successfully
2026-01-17 03:45:45,966 - services.database - INFO - 🔧 Database connection initialized, now creating tables if tables not exist...
2026-01-17 03:45:45,966 - core.database - DEBUG - [DB_OP] Starting create_tables
2026-01-17 03:45:45,966 - core.database - INFO - 🔧 Starting table creation...
2026-01-17 03:45:47,841 - core.database - INFO - Tables initialized successfully
2026-01-17 03:45:47,841 - core.database - DEBUG - [DB_OP] Create tables completed in 1.8749s
2026-01-17 03:45:47,904 - services.database - INFO - 🔧 Table creation completed
2026-01-17 03:45:47,904 - services.database - INFO - Database initialized successfully
2026-01-17 03:45:47,904 - services.database - DEBUG - [DB_OP] Database initialization completed in 1.9799s
2026-01-17 03:45:47,905 - services.mock_data - INFO - Processing mock data file fornitori.json for table fornitori
2026-01-17 03:45:50,028 - services.mock_data - INFO - Table fornitori already has 5 rows; skipping mock insert
2026-01-17 03:45:50,091 - services.database - DEBUG - [DB_OP] Starting database initialization
2026-01-17 03:45:50,091 - services.database - INFO - 🔧 Starting database initialization...
2026-01-17 03:45:50,092 - core.database - INFO - Starting database initialization...
2026-01-17 03:45:50,092 - core.database - INFO - Database already initialized
2026-01-17 03:45:50,092 - services.database - INFO - 🔧 Database connection initialized, now creating tables if tables not exist...
2026-01-17 03:45:50,092 - core.database - DEBUG - [DB_OP] Starting create_tables
2026-01-17 03:45:50,092 - core.database - INFO - Tables already initialized
2026-01-17 03:45:50,092 - services.database - INFO - 🔧 Table creation completed
2026-01-17 03:45:50,092 - services.database - INFO - Database initialized successfully
2026-01-17 03:45:50,092 - services.database - DEBUG - [DB_OP] Database initialization completed in 0.0010s
2026-01-17 03:45:50,092 - core.config - DEBUG - Read dynamic attribute admin_user_id from environment variable ADMIN_USER_ID
2026-01-17 03:45:50,092 - core.config - DEBUG - Read dynamic attribute admin_user_email from environment variable ADMIN_USER_EMAIL
2026-01-17 03:45:50,473 - services.auth - DEBUG - Admin user 476166 already exists
2026-01-17 03:45:50,537 - main - INFO - === Application startup completed successfully ===
2026-01-17 03:47:00,190 - services.database - DEBUG - [DB_OP] Starting database close
2026-01-17 03:47:00,256 - core.database - INFO - Database connection closed and engine disposed
2026-01-17 03:47:00,256 - services.database - INFO - Database connections closed
2026-01-17 03:47:00,256 - services.database - DEBUG - [DB_OP] Database close completed in 0.0659s
