2026-01-17 02:19:58,634 - main - INFO - === Logging system initialized ===
2026-01-17 02:19:58,634 - main - INFO - Log file: logs/app_20260117_021958.log
2026-01-17 02:19:58,634 - main - INFO - Log level: INFO
2026-01-17 02:19:58,634 - main - INFO - Timestamp: 20260117_021958
2026-01-17 02:19:58,741 - main - INFO - === Logging system initialized ===
2026-01-17 02:19:58,741 - main - INFO - Log file: logs/app_20260117_021958.log
2026-01-17 02:19:58,741 - main - INFO - Log level: INFO
2026-01-17 02:19:58,741 - main - INFO - Timestamp: 20260117_021958
2026-01-17 02:19:58,858 - main - INFO - Included router: routers.acquisti.router
2026-01-17 02:19:58,868 - main - INFO - Included router: routers.acquisti.router
2026-01-17 02:19:59,461 - main - INFO - Included router: routers.aihub.router
2026-01-17 02:19:59,474 - main - INFO - Included router: routers.auth.router
2026-01-17 02:19:59,499 - main - INFO - Included router: routers.aihub.router
2026-01-17 02:19:59,515 - main - INFO - Included router: routers.auth.router
2026-01-17 02:19:59,668 - main - INFO - Included router: routers.fornitori.router
2026-01-17 02:19:59,668 - main - INFO - Included router: routers.fornitori.router
2026-01-17 02:19:59,670 - main - INFO - Included router: routers.health.router
2026-01-17 02:19:59,670 - main - INFO - Included router: routers.health.router
2026-01-17 02:19:59,688 - main - INFO - Included router: routers.settings.router
2026-01-17 02:19:59,689 - main - INFO - Included router: routers.settings.router
2026-01-17 02:19:59,728 - main - INFO - Included router: routers.storage.router
2026-01-17 02:19:59,728 - main - INFO - Included router: routers.storage.router
2026-01-17 02:19:59,826 - main - INFO - Included router: routers.upload.router
2026-01-17 02:19:59,833 - main - INFO - Included router: routers.upload.router
2026-01-17 02:19:59,845 - main - INFO - Included router: routers.user.router
2026-01-17 02:19:59,847 - main - INFO - Included router: routers.user.router
2026-01-17 02:19:59,905 - main - INFO - Included router: routers.vendite.router
2026-01-17 02:19:59,907 - main - INFO - === Application startup initiated ===
2026-01-17 02:19:59,907 - services.database - DEBUG - [DB_OP] Starting database initialization
2026-01-17 02:19:59,907 - services.database - INFO - 🔧 Starting database initialization...
2026-01-17 02:19:59,907 - core.database - INFO - Starting database initialization...
2026-01-17 02:19:59,907 - core.config - DEBUG - Read dynamic attribute database_url from environment variable DATABASE_URL
2026-01-17 02:19:59,907 - core.database - INFO - Normalizing database URL for async compatibility...
2026-01-17 02:19:59,908 - main - INFO - Included router: routers.vendite.router
2026-01-17 02:19:59,908 - core.database - INFO - Creating async database engine...
2026-01-17 02:19:59,908 - core.database - INFO - Using QueuePool with connection pooling for non-Lambda environment
2026-01-17 02:19:59,909 - main - INFO - === Application startup initiated ===
2026-01-17 02:19:59,909 - services.database - DEBUG - [DB_OP] Starting database initialization
2026-01-17 02:19:59,909 - services.database - INFO - 🔧 Starting database initialization...
2026-01-17 02:19:59,909 - core.database - INFO - Starting database initialization...
2026-01-17 02:19:59,909 - core.config - DEBUG - Read dynamic attribute database_url from environment variable DATABASE_URL
2026-01-17 02:19:59,909 - core.database - INFO - Normalizing database URL for async compatibility...
2026-01-17 02:19:59,910 - core.database - INFO - Creating async database engine...
2026-01-17 02:19:59,911 - core.database - INFO - Using QueuePool with connection pooling for non-Lambda environment
2026-01-17 02:19:59,949 - core.database - INFO - Database engine created successfully
2026-01-17 02:19:59,949 - core.database - INFO - Creating async session maker...
2026-01-17 02:19:59,949 - core.database - INFO - Async session maker created successfully
2026-01-17 02:19:59,949 - core.database - INFO - Database connection initialized successfully
2026-01-17 02:19:59,949 - services.database - INFO - 🔧 Database connection initialized, now creating tables if tables not exist...
2026-01-17 02:19:59,949 - core.database - DEBUG - [DB_OP] Starting create_tables
2026-01-17 02:19:59,949 - core.database - INFO - 🔧 Starting table creation...
2026-01-17 02:19:59,951 - core.database - INFO - Database engine created successfully
2026-01-17 02:19:59,951 - core.database - INFO - Creating async session maker...
2026-01-17 02:19:59,951 - core.database - INFO - Async session maker created successfully
2026-01-17 02:19:59,951 - core.database - INFO - Database connection initialized successfully
2026-01-17 02:19:59,951 - services.database - INFO - 🔧 Database connection initialized, now creating tables if tables not exist...
2026-01-17 02:19:59,951 - core.database - DEBUG - [DB_OP] Starting create_tables
2026-01-17 02:19:59,951 - core.database - INFO - 🔧 Starting table creation...
2026-01-17 02:20:01,453 - core.database - INFO - Tables initialized successfully
2026-01-17 02:20:01,453 - core.database - DEBUG - [DB_OP] Create tables completed in 1.5016s
2026-01-17 02:20:01,499 - core.database - INFO - Tables initialized successfully
2026-01-17 02:20:01,500 - core.database - DEBUG - [DB_OP] Create tables completed in 1.5506s
2026-01-17 02:20:01,516 - services.database - INFO - 🔧 Table creation completed
2026-01-17 02:20:01,517 - services.database - INFO - Database initialized successfully
2026-01-17 02:20:01,517 - services.database - DEBUG - [DB_OP] Database initialization completed in 1.6079s
2026-01-17 02:20:01,519 - services.mock_data - INFO - Processing mock data file fornitori.json for table fornitori
2026-01-17 02:20:01,565 - services.database - INFO - 🔧 Table creation completed
2026-01-17 02:20:01,566 - services.database - INFO - Database initialized successfully
2026-01-17 02:20:01,566 - services.database - DEBUG - [DB_OP] Database initialization completed in 1.6593s
2026-01-17 02:20:01,567 - services.mock_data - INFO - Processing mock data file fornitori.json for table fornitori
2026-01-17 02:20:03,599 - services.mock_data - INFO - Table fornitori already has 3 rows; skipping mock insert
2026-01-17 02:20:03,663 - services.database - DEBUG - [DB_OP] Starting database initialization
2026-01-17 02:20:03,664 - services.database - INFO - 🔧 Starting database initialization...
2026-01-17 02:20:03,664 - core.database - INFO - Starting database initialization...
2026-01-17 02:20:03,664 - core.database - INFO - Database already initialized
2026-01-17 02:20:03,664 - services.database - INFO - 🔧 Database connection initialized, now creating tables if tables not exist...
2026-01-17 02:20:03,664 - core.database - DEBUG - [DB_OP] Starting create_tables
2026-01-17 02:20:03,664 - core.database - INFO - Tables already initialized
2026-01-17 02:20:03,664 - services.database - INFO - 🔧 Table creation completed
2026-01-17 02:20:03,664 - services.database - INFO - Database initialized successfully
2026-01-17 02:20:03,665 - services.database - DEBUG - [DB_OP] Database initialization completed in 0.0014s
2026-01-17 02:20:03,665 - core.config - DEBUG - Read dynamic attribute admin_user_id from environment variable ADMIN_USER_ID
2026-01-17 02:20:03,665 - core.config - DEBUG - Read dynamic attribute admin_user_email from environment variable ADMIN_USER_EMAIL
2026-01-17 02:20:03,701 - services.mock_data - INFO - Table fornitori already has 3 rows; skipping mock insert
2026-01-17 02:20:03,766 - services.database - DEBUG - [DB_OP] Starting database initialization
2026-01-17 02:20:03,767 - services.database - INFO - 🔧 Starting database initialization...
2026-01-17 02:20:03,767 - core.database - INFO - Starting database initialization...
2026-01-17 02:20:03,767 - core.database - INFO - Database already initialized
2026-01-17 02:20:03,768 - services.database - INFO - 🔧 Database connection initialized, now creating tables if tables not exist...
2026-01-17 02:20:03,768 - core.database - DEBUG - [DB_OP] Starting create_tables
2026-01-17 02:20:03,768 - core.database - INFO - Tables already initialized
2026-01-17 02:20:03,768 - services.database - INFO - 🔧 Table creation completed
2026-01-17 02:20:03,768 - services.database - INFO - Database initialized successfully
2026-01-17 02:20:03,768 - services.database - DEBUG - [DB_OP] Database initialization completed in 0.0019s
2026-01-17 02:20:03,768 - core.config - DEBUG - Read dynamic attribute admin_user_id from environment variable ADMIN_USER_ID
2026-01-17 02:20:03,769 - core.config - DEBUG - Read dynamic attribute admin_user_email from environment variable ADMIN_USER_EMAIL
2026-01-17 02:20:04,050 - services.auth - DEBUG - Admin user 476166 already exists
2026-01-17 02:20:04,113 - main - INFO - === Application startup completed successfully ===
2026-01-17 02:20:04,166 - services.auth - DEBUG - Admin user 476166 already exists
2026-01-17 02:20:04,232 - main - INFO - === Application startup completed successfully ===
2026-01-17 02:20:14,835 - services.database - DEBUG - [DB_OP] Starting database close
2026-01-17 02:20:14,856 - services.database - DEBUG - [DB_OP] Starting database close
2026-01-17 02:20:14,902 - core.database - INFO - Database connection closed and engine disposed
2026-01-17 02:20:14,902 - services.database - INFO - Database connections closed
2026-01-17 02:20:14,902 - services.database - DEBUG - [DB_OP] Database close completed in 0.0668s
2026-01-17 02:20:14,924 - core.database - INFO - Database connection closed and engine disposed
2026-01-17 02:20:14,925 - services.database - INFO - Database connections closed
2026-01-17 02:20:14,925 - services.database - DEBUG - [DB_OP] Database close completed in 0.0691s
