2026-01-17 03:51:47,725 - main - INFO - === Logging system initialized ===
2026-01-17 03:51:47,726 - main - INFO - Log file: logs/app_20260117_035147.log
2026-01-17 03:51:47,726 - main - INFO - Log level: INFO
2026-01-17 03:51:47,726 - main - INFO - Timestamp: 20260117_035147
2026-01-17 03:51:47,771 - main - INFO - Included router: routers.acquisti.router
2026-01-17 03:51:48,318 - main - INFO - Included router: routers.aihub.router
2026-01-17 03:51:48,333 - main - INFO - Included router: routers.analytics.router
2026-01-17 03:51:48,351 - main - INFO - Included router: routers.auth.router
2026-01-17 03:51:48,358 - main - INFO - Included router: routers.custom_auth.router
2026-01-17 03:51:48,467 - main - INFO - Included router: routers.data.router
2026-01-17 03:51:48,492 - main - INFO - Included router: routers.fornitori.router
2026-01-17 03:51:48,492 - main - INFO - Included router: routers.health.router
2026-01-17 03:51:48,505 - main - INFO - Included router: routers.settings.router
2026-01-17 03:51:48,657 - main - INFO - Included router: routers.storage.router
2026-01-17 03:51:48,673 - main - INFO - Included router: routers.upload.router
2026-01-17 03:51:48,678 - main - INFO - Included router: routers.user.router
2026-01-17 03:51:48,707 - main - INFO - Included router: routers.vendite.router
2026-01-17 03:51:48,708 - main - INFO - === Application startup initiated ===
2026-01-17 03:51:48,708 - services.database - DEBUG - [DB_OP] Starting database initialization
2026-01-17 03:51:48,708 - services.database - INFO - 🔧 Starting database initialization...
2026-01-17 03:51:48,708 - core.database - INFO - Starting database initialization...
2026-01-17 03:51:48,708 - core.config - DEBUG - Read dynamic attribute database_url from environment variable DATABASE_URL
2026-01-17 03:51:48,708 - core.database - INFO - Normalizing database URL for async compatibility...
2026-01-17 03:51:48,709 - core.database - INFO - Creating async database engine...
2026-01-17 03:51:48,709 - core.database - INFO - Using QueuePool with connection pooling for non-Lambda environment
2026-01-17 03:51:48,754 - core.database - INFO - Database engine created successfully
2026-01-17 03:51:48,754 - core.database - INFO - Creating async session maker...
2026-01-17 03:51:48,754 - core.database - INFO - Async session maker created successfully
2026-01-17 03:51:48,754 - core.database - INFO - Database connection initialized successfully
2026-01-17 03:51:48,754 - services.database - INFO - 🔧 Database connection initialized, now creating tables if tables not exist...
2026-01-17 03:51:48,754 - core.database - DEBUG - [DB_OP] Starting create_tables
2026-01-17 03:51:48,754 - core.database - INFO - 🔧 Starting table creation...
2026-01-17 03:51:50,535 - core.database - INFO - Tables initialized successfully
2026-01-17 03:51:50,535 - core.database - DEBUG - [DB_OP] Create tables completed in 1.7806s
2026-01-17 03:51:50,595 - services.database - INFO - 🔧 Table creation completed
2026-01-17 03:51:50,595 - services.database - INFO - Database initialized successfully
2026-01-17 03:51:50,595 - services.database - DEBUG - [DB_OP] Database initialization completed in 1.8872s
2026-01-17 03:51:50,596 - services.mock_data - INFO - Processing mock data file fornitori.json for table fornitori
2026-01-17 03:51:52,625 - services.mock_data - INFO - Table fornitori already has 5 rows; skipping mock insert
2026-01-17 03:51:52,685 - services.database - DEBUG - [DB_OP] Starting database initialization
2026-01-17 03:51:52,685 - services.database - INFO - 🔧 Starting database initialization...
2026-01-17 03:51:52,686 - core.database - INFO - Starting database initialization...
2026-01-17 03:51:52,686 - core.database - INFO - Database already initialized
2026-01-17 03:51:52,686 - services.database - INFO - 🔧 Database connection initialized, now creating tables if tables not exist...
2026-01-17 03:51:52,686 - core.database - DEBUG - [DB_OP] Starting create_tables
2026-01-17 03:51:52,686 - core.database - INFO - Tables already initialized
2026-01-17 03:51:52,686 - services.database - INFO - 🔧 Table creation completed
2026-01-17 03:51:52,686 - services.database - INFO - Database initialized successfully
2026-01-17 03:51:52,687 - services.database - DEBUG - [DB_OP] Database initialization completed in 0.0016s
2026-01-17 03:51:52,687 - core.config - DEBUG - Read dynamic attribute admin_user_id from environment variable ADMIN_USER_ID
2026-01-17 03:51:52,687 - core.config - DEBUG - Read dynamic attribute admin_user_email from environment variable ADMIN_USER_EMAIL
2026-01-17 03:51:53,054 - services.auth - DEBUG - Admin user 476166 already exists
2026-01-17 03:51:53,114 - main - INFO - === Application startup completed successfully ===
2026-01-17 03:53:54,043 - services.database - DEBUG - [DB_OP] Starting database close
2026-01-17 03:53:54,107 - core.database - INFO - Database connection closed and engine disposed
2026-01-17 03:53:54,107 - services.database - INFO - Database connections closed
2026-01-17 03:53:54,107 - services.database - DEBUG - [DB_OP] Database close completed in 0.0645s
