2026-01-17 03:47:01,496 - main - INFO - === Logging system initialized ===
2026-01-17 03:47:01,496 - main - INFO - Log file: logs/app_20260117_034701.log
2026-01-17 03:47:01,496 - main - INFO - Log level: INFO
2026-01-17 03:47:01,496 - main - INFO - Timestamp: 20260117_034701
2026-01-17 03:47:01,544 - main - INFO - Included router: routers.acquisti.router
2026-01-17 03:47:02,137 - main - INFO - Included router: routers.aihub.router
2026-01-17 03:47:02,153 - main - INFO - Included router: routers.analytics.router
2026-01-17 03:47:02,173 - main - INFO - Included router: routers.auth.router
2026-01-17 03:47:02,177 - main - INFO - Included router: routers.custom_auth.router
2026-01-17 03:47:02,245 - main - INFO - Included router: routers.data.router
2026-01-17 03:47:02,271 - main - INFO - Included router: routers.fornitori.router
2026-01-17 03:47:02,272 - main - INFO - Included router: routers.health.router
2026-01-17 03:47:02,285 - main - INFO - Included router: routers.settings.router
2026-01-17 03:47:02,414 - main - INFO - Included router: routers.storage.router
2026-01-17 03:47:02,429 - main - INFO - Included router: routers.upload.router
2026-01-17 03:47:02,446 - main - INFO - Included router: routers.user.router
2026-01-17 03:47:02,475 - main - INFO - Included router: routers.vendite.router
2026-01-17 03:47:02,476 - main - INFO - === Application startup initiated ===
2026-01-17 03:47:02,477 - services.database - DEBUG - [DB_OP] Starting database initialization
2026-01-17 03:47:02,477 - services.database - INFO - 🔧 Starting database initialization...
2026-01-17 03:47:02,477 - core.database - INFO - Starting database initialization...
2026-01-17 03:47:02,477 - core.config - DEBUG - Read dynamic attribute database_url from environment variable DATABASE_URL
2026-01-17 03:47:02,477 - core.database - INFO - Normalizing database URL for async compatibility...
2026-01-17 03:47:02,478 - core.database - INFO - Creating async database engine...
2026-01-17 03:47:02,478 - core.database - INFO - Using QueuePool with connection pooling for non-Lambda environment
2026-01-17 03:47:02,519 - core.database - INFO - Database engine created successfully
2026-01-17 03:47:02,519 - core.database - INFO - Creating async session maker...
2026-01-17 03:47:02,519 - core.database - INFO - Async session maker created successfully
2026-01-17 03:47:02,519 - core.database - INFO - Database connection initialized successfully
2026-01-17 03:47:02,520 - services.database - INFO - 🔧 Database connection initialized, now creating tables if tables not exist...
2026-01-17 03:47:02,520 - core.database - DEBUG - [DB_OP] Starting create_tables
2026-01-17 03:47:02,520 - core.database - INFO - 🔧 Starting table creation...
2026-01-17 03:47:04,379 - core.database - INFO - Tables initialized successfully
2026-01-17 03:47:04,380 - core.database - DEBUG - [DB_OP] Create tables completed in 1.8600s
2026-01-17 03:47:04,442 - services.database - INFO - 🔧 Table creation completed
2026-01-17 03:47:04,442 - services.database - INFO - Database initialized successfully
2026-01-17 03:47:04,442 - services.database - DEBUG - [DB_OP] Database initialization completed in 1.9659s
2026-01-17 03:47:04,443 - services.mock_data - INFO - Processing mock data file fornitori.json for table fornitori
2026-01-17 03:47:06,575 - services.mock_data - INFO - Table fornitori already has 5 rows; skipping mock insert
2026-01-17 03:47:06,639 - services.database - DEBUG - [DB_OP] Starting database initialization
2026-01-17 03:47:06,639 - services.database - INFO - 🔧 Starting database initialization...
2026-01-17 03:47:06,639 - core.database - INFO - Starting database initialization...
2026-01-17 03:47:06,639 - core.database - INFO - Database already initialized
2026-01-17 03:47:06,639 - services.database - INFO - 🔧 Database connection initialized, now creating tables if tables not exist...
2026-01-17 03:47:06,639 - core.database - DEBUG - [DB_OP] Starting create_tables
2026-01-17 03:47:06,640 - core.database - INFO - Tables already initialized
2026-01-17 03:47:06,640 - services.database - INFO - 🔧 Table creation completed
2026-01-17 03:47:06,640 - services.database - INFO - Database initialized successfully
2026-01-17 03:47:06,640 - services.database - DEBUG - [DB_OP] Database initialization completed in 0.0013s
2026-01-17 03:47:06,640 - core.config - DEBUG - Read dynamic attribute admin_user_id from environment variable ADMIN_USER_ID
2026-01-17 03:47:06,640 - core.config - DEBUG - Read dynamic attribute admin_user_email from environment variable ADMIN_USER_EMAIL
2026-01-17 03:47:07,019 - services.auth - DEBUG - Admin user 476166 already exists
2026-01-17 03:47:07,081 - main - INFO - === Application startup completed successfully ===
2026-01-17 03:49:06,298 - services.database - DEBUG - [DB_OP] Starting database close
2026-01-17 03:49:06,363 - core.database - INFO - Database connection closed and engine disposed
2026-01-17 03:49:06,364 - services.database - INFO - Database connections closed
2026-01-17 03:49:06,364 - services.database - DEBUG - [DB_OP] Database close completed in 0.0662s
