2026-01-17 03:44:41,474 - main - INFO - === Logging system initialized ===
2026-01-17 03:44:41,475 - main - INFO - Log file: logs/app_20260117_034441.log
2026-01-17 03:44:41,475 - main - INFO - Log level: INFO
2026-01-17 03:44:41,475 - main - INFO - Timestamp: 20260117_034441
2026-01-17 03:44:41,523 - main - INFO - Included router: routers.acquisti.router
2026-01-17 03:44:42,088 - main - INFO - Included router: routers.aihub.router
2026-01-17 03:44:42,101 - main - INFO - Included router: routers.analytics.router
2026-01-17 03:44:42,111 - main - INFO - Included router: routers.auth.router
2026-01-17 03:44:42,123 - main - INFO - Included router: routers.custom_auth.router
2026-01-17 03:44:42,134 - main - INFO - Included router: routers.data.router
2026-01-17 03:44:42,173 - main - INFO - Included router: routers.fornitori.router
2026-01-17 03:44:42,280 - main - INFO - Included router: routers.health.router
2026-01-17 03:44:42,295 - main - INFO - Included router: routers.settings.router
2026-01-17 03:44:42,331 - main - INFO - Included router: routers.storage.router
2026-01-17 03:44:42,347 - main - INFO - Included router: routers.upload.router
2026-01-17 03:44:42,352 - main - INFO - Included router: routers.user.router
2026-01-17 03:44:42,385 - main - INFO - Included router: routers.vendite.router
2026-01-17 03:44:42,386 - main - INFO - === Application startup initiated ===
2026-01-17 03:44:42,387 - services.database - DEBUG - [DB_OP] Starting database initialization
2026-01-17 03:44:42,387 - services.database - INFO - 🔧 Starting database initialization...
2026-01-17 03:44:42,387 - core.database - INFO - Starting database initialization...
2026-01-17 03:44:42,387 - core.config - DEBUG - Read dynamic attribute database_url from environment variable DATABASE_URL
2026-01-17 03:44:42,387 - core.database - INFO - Normalizing database URL for async compatibility...
2026-01-17 03:44:42,388 - core.database - INFO - Creating async database engine...
2026-01-17 03:44:42,388 - core.database - INFO - Using QueuePool with connection pooling for non-Lambda environment
2026-01-17 03:44:42,427 - core.database - INFO - Database engine created successfully
2026-01-17 03:44:42,427 - core.database - INFO - Creating async session maker...
2026-01-17 03:44:42,427 - core.database - INFO - Async session maker created successfully
2026-01-17 03:44:42,427 - core.database - INFO - Database connection initialized successfully
2026-01-17 03:44:42,427 - services.database - INFO - 🔧 Database connection initialized, now creating tables if tables not exist...
2026-01-17 03:44:42,427 - core.database - DEBUG - [DB_OP] Starting create_tables
2026-01-17 03:44:42,428 - core.database - INFO - 🔧 Starting table creation...
2026-01-17 03:44:44,266 - core.database - INFO - Tables initialized successfully
2026-01-17 03:44:44,266 - core.database - DEBUG - [DB_OP] Create tables completed in 1.8390s
2026-01-17 03:44:44,328 - services.database - INFO - 🔧 Table creation completed
2026-01-17 03:44:44,328 - services.database - INFO - Database initialized successfully
2026-01-17 03:44:44,328 - services.database - DEBUG - [DB_OP] Database initialization completed in 1.9415s
2026-01-17 03:44:44,329 - services.mock_data - INFO - Processing mock data file fornitori.json for table fornitori
2026-01-17 03:44:46,428 - services.mock_data - INFO - Table fornitori already has 5 rows; skipping mock insert
2026-01-17 03:44:46,490 - services.database - DEBUG - [DB_OP] Starting database initialization
2026-01-17 03:44:46,491 - services.database - INFO - 🔧 Starting database initialization...
2026-01-17 03:44:46,491 - core.database - INFO - Starting database initialization...
2026-01-17 03:44:46,491 - core.database - INFO - Database already initialized
2026-01-17 03:44:46,491 - services.database - INFO - 🔧 Database connection initialized, now creating tables if tables not exist...
2026-01-17 03:44:46,491 - core.database - DEBUG - [DB_OP] Starting create_tables
2026-01-17 03:44:46,491 - core.database - INFO - Tables already initialized
2026-01-17 03:44:46,491 - services.database - INFO - 🔧 Table creation completed
2026-01-17 03:44:46,491 - services.database - INFO - Database initialized successfully
2026-01-17 03:44:46,491 - services.database - DEBUG - [DB_OP] Database initialization completed in 0.0012s
2026-01-17 03:44:46,492 - core.config - DEBUG - Read dynamic attribute admin_user_id from environment variable ADMIN_USER_ID
2026-01-17 03:44:46,492 - core.config - DEBUG - Read dynamic attribute admin_user_email from environment variable ADMIN_USER_EMAIL
2026-01-17 03:44:46,865 - services.auth - DEBUG - Admin user 476166 already exists
2026-01-17 03:44:46,927 - main - INFO - === Application startup completed successfully ===
2026-01-17 03:45:29,436 - services.database - DEBUG - [DB_OP] Starting database close
2026-01-17 03:45:29,501 - core.database - INFO - Database connection closed and engine disposed
2026-01-17 03:45:29,501 - services.database - INFO - Database connections closed
2026-01-17 03:45:29,501 - services.database - DEBUG - [DB_OP] Database close completed in 0.0654s
