2026-01-17 03:54:09,311 - main - INFO - === Logging system initialized ===
2026-01-17 03:54:09,311 - main - INFO - Log file: logs/app_20260117_035409.log
2026-01-17 03:54:09,311 - main - INFO - Log level: INFO
2026-01-17 03:54:09,311 - main - INFO - Timestamp: 20260117_035409
2026-01-17 03:54:09,366 - main - INFO - Included router: routers.acquisti.router
2026-01-17 03:54:09,938 - main - INFO - Included router: routers.aihub.router
2026-01-17 03:54:09,953 - main - INFO - Included router: routers.analytics.router
2026-01-17 03:54:09,961 - main - INFO - Included router: routers.auth.router
2026-01-17 03:54:09,965 - main - INFO - Included router: routers.custom_auth.router
2026-01-17 03:54:09,982 - main - INFO - Included router: routers.data.router
2026-01-17 03:54:10,105 - main - INFO - Included router: routers.fornitori.router
2026-01-17 03:54:10,107 - main - INFO - Included router: routers.health.router
2026-01-17 03:54:10,123 - main - INFO - Included router: routers.settings.router
2026-01-17 03:54:10,149 - main - INFO - Included router: routers.storage.router
2026-01-17 03:54:10,165 - main - INFO - Included router: routers.upload.router
2026-01-17 03:54:10,182 - main - INFO - Included router: routers.user.router
2026-01-17 03:54:10,212 - main - INFO - Included router: routers.vendite.router
2026-01-17 03:54:10,213 - main - INFO - === Application startup initiated ===
2026-01-17 03:54:10,213 - services.database - DEBUG - [DB_OP] Starting database initialization
2026-01-17 03:54:10,213 - services.database - INFO - 🔧 Starting database initialization...
2026-01-17 03:54:10,213 - core.database - INFO - Starting database initialization...
2026-01-17 03:54:10,213 - core.config - DEBUG - Read dynamic attribute database_url from environment variable DATABASE_URL
2026-01-17 03:54:10,213 - core.database - INFO - Normalizing database URL for async compatibility...
2026-01-17 03:54:10,214 - core.database - INFO - Creating async database engine...
2026-01-17 03:54:10,214 - core.database - INFO - Using QueuePool with connection pooling for non-Lambda environment
2026-01-17 03:54:10,256 - core.database - INFO - Database engine created successfully
2026-01-17 03:54:10,256 - core.database - INFO - Creating async session maker...
2026-01-17 03:54:10,257 - core.database - INFO - Async session maker created successfully
2026-01-17 03:54:10,257 - core.database - INFO - Database connection initialized successfully
2026-01-17 03:54:10,257 - services.database - INFO - 🔧 Database connection initialized, now creating tables if tables not exist...
2026-01-17 03:54:10,257 - core.database - DEBUG - [DB_OP] Starting create_tables
2026-01-17 03:54:10,257 - core.database - INFO - 🔧 Starting table creation...
2026-01-17 03:54:12,149 - core.database - INFO - Tables initialized successfully
2026-01-17 03:54:12,149 - core.database - DEBUG - [DB_OP] Create tables completed in 1.8924s
2026-01-17 03:54:12,213 - services.database - INFO - 🔧 Table creation completed
2026-01-17 03:54:12,213 - services.database - INFO - Database initialized successfully
2026-01-17 03:54:12,213 - services.database - DEBUG - [DB_OP] Database initialization completed in 2.0000s
2026-01-17 03:54:12,215 - services.mock_data - INFO - Processing mock data file fornitori.json for table fornitori
2026-01-17 03:54:14,368 - services.mock_data - INFO - Table fornitori already has 5 rows; skipping mock insert
2026-01-17 03:54:14,431 - services.database - DEBUG - [DB_OP] Starting database initialization
2026-01-17 03:54:14,431 - services.database - INFO - 🔧 Starting database initialization...
2026-01-17 03:54:14,432 - core.database - INFO - Starting database initialization...
2026-01-17 03:54:14,432 - core.database - INFO - Database already initialized
2026-01-17 03:54:14,432 - services.database - INFO - 🔧 Database connection initialized, now creating tables if tables not exist...
2026-01-17 03:54:14,432 - core.database - DEBUG - [DB_OP] Starting create_tables
2026-01-17 03:54:14,432 - core.database - INFO - Tables already initialized
2026-01-17 03:54:14,432 - services.database - INFO - 🔧 Table creation completed
2026-01-17 03:54:14,432 - services.database - INFO - Database initialized successfully
2026-01-17 03:54:14,432 - services.database - DEBUG - [DB_OP] Database initialization completed in 0.0011s
2026-01-17 03:54:14,433 - core.config - DEBUG - Read dynamic attribute admin_user_id from environment variable ADMIN_USER_ID
2026-01-17 03:54:14,433 - core.config - DEBUG - Read dynamic attribute admin_user_email from environment variable ADMIN_USER_EMAIL
2026-01-17 03:54:14,818 - services.auth - DEBUG - Admin user 476166 already exists
2026-01-17 03:54:14,882 - main - INFO - === Application startup completed successfully ===
2026-01-17 03:54:20,625 - core.config - DEBUG - Read dynamic attribute jwt_secret_key from environment variable JWT_SECRET_KEY
2026-01-17 03:54:20,625 - core.config - DEBUG - Read dynamic attribute jwt_algorithm from environment variable JWT_ALGORITHM
2026-01-17 03:54:20,647 - core.auth - DEBUG - Authentication token validated for user hash: 1fe0bfd6
2026-01-17 03:54:20,647 - core.database - DEBUG - [DB_OP] Starting get_db session creation
2026-01-17 03:54:20,647 - core.database - DEBUG - [DB_OP] Database session created successfully in 0.0002s
2026-01-17 03:54:20,648 - routers.analytics - INFO - Analytics request - anno: None, mese: None, categoria: None
2026-01-17 03:54:20,650 - core.auth - DEBUG - Authentication token validated for user hash: 1fe0bfd6
2026-01-17 03:54:20,650 - core.database - DEBUG - [DB_OP] Starting get_db session creation
2026-01-17 03:54:20,650 - core.database - DEBUG - [DB_OP] Database session created successfully in 0.0001s
2026-01-17 03:54:20,650 - routers.analytics - INFO - Analytics request - anno: None, mese: None, categoria: None
2026-01-17 03:54:21,419 - routers.analytics - INFO - Acquisti categories: ['Prize', 'Kit']
2026-01-17 03:54:21,419 - routers.analytics - INFO - Vendite categories: ['Kit', 'Prize', 'Nendo', 'Big', 'Banco', 'Plush']
2026-01-17 03:54:21,419 - routers.analytics - INFO - Returning 6 categories
2026-01-17 03:54:21,682 - core.database - DEBUG - [DB_OP] Database session cleanup after 1.0349s
2026-01-17 03:54:22,063 - routers.analytics - INFO - Acquisti categories: ['Prize', 'Kit']
2026-01-17 03:54:22,063 - routers.analytics - INFO - Vendite categories: ['Kit', 'Prize', 'Nendo', 'Big', 'Banco', 'Plush']
2026-01-17 03:54:22,063 - routers.analytics - INFO - Returning 6 categories
2026-01-17 03:54:22,326 - core.database - DEBUG - [DB_OP] Database session cleanup after 1.6758s
2026-01-17 03:54:45,123 - core.auth - DEBUG - Authentication token validated for user hash: 1fe0bfd6
2026-01-17 03:54:45,123 - core.database - DEBUG - [DB_OP] Starting get_db session creation
2026-01-17 03:54:45,124 - core.database - DEBUG - [DB_OP] Database session created successfully in 0.0003s
2026-01-17 03:54:46,197 - routers.data - INFO - User 476166 created supplier: PROVA
2026-01-17 03:54:46,198 - core.database - DEBUG - [DB_OP] Database session cleanup after 1.0745s
2026-01-17 03:54:46,481 - core.auth - DEBUG - Authentication token validated for user hash: 1fe0bfd6
2026-01-17 03:54:46,481 - core.database - DEBUG - [DB_OP] Starting get_db session creation
2026-01-17 03:54:46,482 - core.database - DEBUG - [DB_OP] Database session created successfully in 0.0003s
2026-01-17 03:54:46,865 - core.database - DEBUG - [DB_OP] Database session cleanup after 0.3838s
2026-01-17 03:54:55,544 - core.auth - DEBUG - Authentication token validated for user hash: 1fe0bfd6
2026-01-17 03:54:55,545 - core.database - DEBUG - [DB_OP] Starting get_db session creation
2026-01-17 03:54:55,545 - core.database - DEBUG - [DB_OP] Database session created successfully in 0.0003s
2026-01-17 03:54:55,937 - core.database - DEBUG - [DB_OP] Database session cleanup after 0.3925s
2026-01-17 03:55:02,391 - core.auth - DEBUG - Authentication token validated for user hash: 1fe0bfd6
2026-01-17 03:55:02,391 - core.database - DEBUG - [DB_OP] Starting get_db session creation
2026-01-17 03:55:02,392 - core.database - DEBUG - [DB_OP] Database session created successfully in 0.0003s
2026-01-17 03:55:02,710 - core.database - ERROR - Database session error: 400: Il fornitore 'PROVA' esiste già
Traceback (most recent call last):
  File "/workspace/app/backend/core/database.py", line 534, in get_db
    yield session
  File "/data/.cache/python/lib/python3.10/site-packages/fastapi/routing.py", line 301, in app
    raw_response = await run_endpoint_function(
  File "/data/.cache/python/lib/python3.10/site-packages/fastapi/routing.py", line 212, in run_endpoint_function
    return await dependant.call(**values)
  File "/workspace/app/backend/routers/data.py", line 217, in create_supplier
    raise HTTPException(
fastapi.exceptions.HTTPException: 400: Il fornitore 'PROVA' esiste già
2026-01-17 03:55:02,726 - core.database - DEBUG - [DB_OP] Database session cleanup after 0.3351s
2026-01-17 03:55:02,790 - core.database - ERROR - Failed to create database session: 400: Il fornitore 'PROVA' esiste già
Traceback (most recent call last):
  File "/workspace/app/backend/core/database.py", line 534, in get_db
    yield session
  File "/data/.cache/python/lib/python3.10/site-packages/fastapi/routing.py", line 301, in app
    raw_response = await run_endpoint_function(
  File "/data/.cache/python/lib/python3.10/site-packages/fastapi/routing.py", line 212, in run_endpoint_function
    return await dependant.call(**values)
  File "/workspace/app/backend/routers/data.py", line 217, in create_supplier
    raise HTTPException(
fastapi.exceptions.HTTPException: 400: Il fornitore 'PROVA' esiste già
2026-01-17 03:55:07,937 - core.auth - DEBUG - Authentication token validated for user hash: 1fe0bfd6
2026-01-17 03:55:07,937 - core.database - DEBUG - [DB_OP] Starting get_db session creation
2026-01-17 03:55:07,938 - core.database - DEBUG - [DB_OP] Database session created successfully in 0.0002s
2026-01-17 03:55:08,264 - core.database - DEBUG - [DB_OP] Database session cleanup after 0.3270s
2026-01-17 03:57:06,971 - services.database - DEBUG - [DB_OP] Starting database close
2026-01-17 03:57:07,108 - core.database - INFO - Database connection closed and engine disposed
2026-01-17 03:57:07,109 - services.database - INFO - Database connections closed
2026-01-17 03:57:07,109 - services.database - DEBUG - [DB_OP] Database close completed in 0.1375s
