2026-01-17 03:01:46,564 - main - INFO - === Logging system initialized ===
2026-01-17 03:01:46,564 - main - INFO - Log file: logs/app_20260117_030146.log
2026-01-17 03:01:46,564 - main - INFO - Log level: INFO
2026-01-17 03:01:46,564 - main - INFO - Timestamp: 20260117_030146
2026-01-17 03:01:46,615 - main - INFO - Included router: routers.acquisti.router
2026-01-17 03:01:47,184 - main - INFO - Included router: routers.aihub.router
2026-01-17 03:01:47,198 - main - INFO - Included router: routers.analytics.router
2026-01-17 03:01:47,206 - main - INFO - Included router: routers.auth.router
2026-01-17 03:01:47,240 - main - INFO - Included router: routers.fornitori.router
2026-01-17 03:01:47,242 - main - INFO - Included router: routers.health.router
2026-01-17 03:01:47,261 - main - INFO - Included router: routers.settings.router
2026-01-17 03:01:47,379 - main - INFO - Included router: routers.storage.router
2026-01-17 03:01:47,395 - main - INFO - Included router: routers.upload.router
2026-01-17 03:01:47,401 - main - INFO - Included router: routers.user.router
2026-01-17 03:01:47,433 - main - INFO - Included router: routers.vendite.router
2026-01-17 03:01:47,434 - main - INFO - === Application startup initiated ===
2026-01-17 03:01:47,434 - services.database - DEBUG - [DB_OP] Starting database initialization
2026-01-17 03:01:47,434 - services.database - INFO - 🔧 Starting database initialization...
2026-01-17 03:01:47,434 - core.database - INFO - Starting database initialization...
2026-01-17 03:01:47,434 - core.config - DEBUG - Read dynamic attribute database_url from environment variable DATABASE_URL
2026-01-17 03:01:47,434 - core.database - INFO - Normalizing database URL for async compatibility...
2026-01-17 03:01:47,435 - core.database - INFO - Creating async database engine...
2026-01-17 03:01:47,435 - core.database - INFO - Using QueuePool with connection pooling for non-Lambda environment
2026-01-17 03:01:47,474 - core.database - INFO - Database engine created successfully
2026-01-17 03:01:47,474 - core.database - INFO - Creating async session maker...
2026-01-17 03:01:47,474 - core.database - INFO - Async session maker created successfully
2026-01-17 03:01:47,474 - core.database - INFO - Database connection initialized successfully
2026-01-17 03:01:47,474 - services.database - INFO - 🔧 Database connection initialized, now creating tables if tables not exist...
2026-01-17 03:01:47,474 - core.database - DEBUG - [DB_OP] Starting create_tables
2026-01-17 03:01:47,474 - core.database - INFO - 🔧 Starting table creation...
2026-01-17 03:01:49,736 - core.database - INFO - Tables initialized successfully
2026-01-17 03:01:49,737 - core.database - DEBUG - [DB_OP] Create tables completed in 2.2623s
2026-01-17 03:01:49,801 - services.database - INFO - 🔧 Table creation completed
2026-01-17 03:01:49,802 - services.database - INFO - Database initialized successfully
2026-01-17 03:01:49,802 - services.database - DEBUG - [DB_OP] Database initialization completed in 2.3680s
2026-01-17 03:01:49,806 - services.mock_data - INFO - Processing mock data file fornitori.json for table fornitori
2026-01-17 03:01:52,033 - services.mock_data - INFO - Table fornitori already has 5 rows; skipping mock insert
2026-01-17 03:01:52,097 - services.database - DEBUG - [DB_OP] Starting database initialization
2026-01-17 03:01:52,098 - services.database - INFO - 🔧 Starting database initialization...
2026-01-17 03:01:52,098 - core.database - INFO - Starting database initialization...
2026-01-17 03:01:52,098 - core.database - INFO - Database already initialized
2026-01-17 03:01:52,098 - services.database - INFO - 🔧 Database connection initialized, now creating tables if tables not exist...
2026-01-17 03:01:52,098 - core.database - DEBUG - [DB_OP] Starting create_tables
2026-01-17 03:01:52,098 - core.database - INFO - Tables already initialized
2026-01-17 03:01:52,098 - services.database - INFO - 🔧 Table creation completed
2026-01-17 03:01:52,098 - services.database - INFO - Database initialized successfully
2026-01-17 03:01:52,099 - services.database - DEBUG - [DB_OP] Database initialization completed in 0.0011s
2026-01-17 03:01:52,099 - core.config - DEBUG - Read dynamic attribute admin_user_id from environment variable ADMIN_USER_ID
2026-01-17 03:01:52,099 - core.config - DEBUG - Read dynamic attribute admin_user_email from environment variable ADMIN_USER_EMAIL
2026-01-17 03:01:52,493 - services.auth - DEBUG - Admin user 476166 already exists
2026-01-17 03:01:52,558 - main - INFO - === Application startup completed successfully ===
2026-01-17 03:01:56,883 - core.config - DEBUG - Read dynamic attribute jwt_secret_key from environment variable JWT_SECRET_KEY
2026-01-17 03:01:56,884 - core.config - DEBUG - Read dynamic attribute jwt_algorithm from environment variable JWT_ALGORITHM
2026-01-17 03:01:56,910 - core.auth - DEBUG - Authentication token validated for user hash: 1fe0bfd6
2026-01-17 03:01:57,140 - core.auth - DEBUG - Authentication token validated for user hash: 1fe0bfd6
2026-01-17 03:01:57,141 - core.database - DEBUG - [DB_OP] Starting get_db session creation
2026-01-17 03:01:57,141 - core.database - DEBUG - [DB_OP] Database session created successfully in 0.0002s
2026-01-17 03:01:57,143 - core.auth - DEBUG - Authentication token validated for user hash: 1fe0bfd6
2026-01-17 03:01:57,143 - core.database - DEBUG - [DB_OP] Starting get_db session creation
2026-01-17 03:01:57,143 - core.database - DEBUG - [DB_OP] Database session created successfully in 0.0001s
2026-01-17 03:01:58,459 - core.database - DEBUG - [DB_OP] Database session cleanup after 1.3187s
2026-01-17 03:01:58,929 - core.database - DEBUG - [DB_OP] Database session cleanup after 1.7855s
2026-01-17 03:02:01,511 - core.auth - DEBUG - Authentication token validated for user hash: 1fe0bfd6
2026-01-17 03:02:01,512 - core.database - DEBUG - [DB_OP] Starting get_db session creation
2026-01-17 03:02:01,512 - core.database - DEBUG - [DB_OP] Database session created successfully in 0.0003s
2026-01-17 03:02:02,599 - core.database - DEBUG - [DB_OP] Database session cleanup after 1.0873s
2026-01-17 03:02:14,772 - core.auth - DEBUG - Authentication token validated for user hash: 1fe0bfd6
2026-01-17 03:02:14,772 - core.database - DEBUG - [DB_OP] Starting get_db session creation
2026-01-17 03:02:14,773 - core.database - DEBUG - [DB_OP] Database session created successfully in 0.0006s
2026-01-17 03:02:15,606 - core.database - DEBUG - [DB_OP] Database session cleanup after 0.8341s
2026-01-17 03:02:44,379 - core.auth - DEBUG - Authentication token validated for user hash: 1fe0bfd6
2026-01-17 03:02:44,605 - core.auth - DEBUG - Authentication token validated for user hash: 1fe0bfd6
2026-01-17 03:02:44,605 - core.database - DEBUG - [DB_OP] Starting get_db session creation
2026-01-17 03:02:44,605 - core.database - DEBUG - [DB_OP] Database session created successfully in 0.0002s
2026-01-17 03:02:44,607 - core.auth - DEBUG - Authentication token validated for user hash: 1fe0bfd6
2026-01-17 03:02:44,607 - core.database - DEBUG - [DB_OP] Starting get_db session creation
2026-01-17 03:02:44,607 - core.database - DEBUG - [DB_OP] Database session created successfully in 0.0001s
2026-01-17 03:02:45,596 - core.database - DEBUG - [DB_OP] Database session cleanup after 0.9911s
2026-01-17 03:02:45,597 - core.database - DEBUG - [DB_OP] Database session cleanup after 0.9898s
2026-01-17 03:02:48,657 - core.auth - DEBUG - Authentication token validated for user hash: 1fe0bfd6
2026-01-17 03:02:48,657 - core.database - DEBUG - [DB_OP] Starting get_db session creation
2026-01-17 03:02:48,658 - core.database - DEBUG - [DB_OP] Database session created successfully in 0.0003s
2026-01-17 03:02:49,696 - core.database - DEBUG - [DB_OP] Database session cleanup after 1.0386s
2026-01-17 03:02:51,593 - core.auth - DEBUG - Authentication token validated for user hash: 1fe0bfd6
2026-01-17 03:02:51,593 - core.database - DEBUG - [DB_OP] Starting get_db session creation
2026-01-17 03:02:51,594 - core.database - DEBUG - [DB_OP] Database session created successfully in 0.0003s
2026-01-17 03:02:52,390 - core.database - DEBUG - [DB_OP] Database session cleanup after 0.7972s
2026-01-17 03:06:15,735 - services.database - DEBUG - [DB_OP] Starting database close
2026-01-17 03:06:15,869 - core.database - INFO - Database connection closed and engine disposed
2026-01-17 03:06:15,869 - services.database - INFO - Database connections closed
2026-01-17 03:06:15,869 - services.database - DEBUG - [DB_OP] Database close completed in 0.1342s
