2026-01-17 03:07:14,047 - main - INFO - === Logging system initialized ===
2026-01-17 03:07:14,047 - main - INFO - Log file: logs/app_20260117_030714.log
2026-01-17 03:07:14,047 - main - INFO - Log level: INFO
2026-01-17 03:07:14,047 - main - INFO - Timestamp: 20260117_030714
2026-01-17 03:07:14,092 - main - INFO - Included router: routers.acquisti.router
2026-01-17 03:07:14,630 - main - INFO - Included router: routers.aihub.router
2026-01-17 03:07:14,643 - main - INFO - Included router: routers.analytics.router
2026-01-17 03:07:14,666 - main - INFO - Included router: routers.auth.router
2026-01-17 03:07:14,692 - main - INFO - Included router: routers.fornitori.router
2026-01-17 03:07:14,694 - main - INFO - Included router: routers.health.router
2026-01-17 03:07:14,707 - main - INFO - Included router: routers.settings.router
2026-01-17 03:07:14,806 - main - INFO - Included router: routers.storage.router
2026-01-17 03:07:14,821 - main - INFO - Included router: routers.upload.router
2026-01-17 03:07:14,827 - main - INFO - Included router: routers.user.router
2026-01-17 03:07:14,863 - main - INFO - Included router: routers.vendite.router
2026-01-17 03:07:14,864 - main - INFO - === Application startup initiated ===
2026-01-17 03:07:14,864 - services.database - DEBUG - [DB_OP] Starting database initialization
2026-01-17 03:07:14,864 - services.database - INFO - 🔧 Starting database initialization...
2026-01-17 03:07:14,864 - core.database - INFO - Starting database initialization...
2026-01-17 03:07:14,865 - core.config - DEBUG - Read dynamic attribute database_url from environment variable DATABASE_URL
2026-01-17 03:07:14,865 - core.database - INFO - Normalizing database URL for async compatibility...
2026-01-17 03:07:14,865 - core.database - INFO - Creating async database engine...
2026-01-17 03:07:14,866 - core.database - INFO - Using QueuePool with connection pooling for non-Lambda environment
2026-01-17 03:07:14,906 - core.database - INFO - Database engine created successfully
2026-01-17 03:07:14,906 - core.database - INFO - Creating async session maker...
2026-01-17 03:07:14,906 - core.database - INFO - Async session maker created successfully
2026-01-17 03:07:14,906 - core.database - INFO - Database connection initialized successfully
2026-01-17 03:07:14,906 - services.database - INFO - 🔧 Database connection initialized, now creating tables if tables not exist...
2026-01-17 03:07:14,906 - core.database - DEBUG - [DB_OP] Starting create_tables
2026-01-17 03:07:14,906 - core.database - INFO - 🔧 Starting table creation...
2026-01-17 03:07:16,693 - core.database - INFO - Tables initialized successfully
2026-01-17 03:07:16,693 - core.database - DEBUG - [DB_OP] Create tables completed in 1.7871s
2026-01-17 03:07:16,753 - services.database - INFO - 🔧 Table creation completed
2026-01-17 03:07:16,754 - services.database - INFO - Database initialized successfully
2026-01-17 03:07:16,754 - services.database - DEBUG - [DB_OP] Database initialization completed in 1.8898s
2026-01-17 03:07:16,755 - services.mock_data - INFO - Processing mock data file fornitori.json for table fornitori
2026-01-17 03:07:18,790 - services.mock_data - INFO - Table fornitori already has 5 rows; skipping mock insert
2026-01-17 03:07:18,850 - services.database - DEBUG - [DB_OP] Starting database initialization
2026-01-17 03:07:18,850 - services.database - INFO - 🔧 Starting database initialization...
2026-01-17 03:07:18,850 - core.database - INFO - Starting database initialization...
2026-01-17 03:07:18,851 - core.database - INFO - Database already initialized
2026-01-17 03:07:18,851 - services.database - INFO - 🔧 Database connection initialized, now creating tables if tables not exist...
2026-01-17 03:07:18,851 - core.database - DEBUG - [DB_OP] Starting create_tables
2026-01-17 03:07:18,851 - core.database - INFO - Tables already initialized
2026-01-17 03:07:18,851 - services.database - INFO - 🔧 Table creation completed
2026-01-17 03:07:18,851 - services.database - INFO - Database initialized successfully
2026-01-17 03:07:18,851 - services.database - DEBUG - [DB_OP] Database initialization completed in 0.0012s
2026-01-17 03:07:18,851 - core.config - DEBUG - Read dynamic attribute admin_user_id from environment variable ADMIN_USER_ID
2026-01-17 03:07:18,851 - core.config - DEBUG - Read dynamic attribute admin_user_email from environment variable ADMIN_USER_EMAIL
2026-01-17 03:07:19,217 - services.auth - DEBUG - Admin user 476166 already exists
2026-01-17 03:07:19,277 - main - INFO - === Application startup completed successfully ===
2026-01-17 03:07:23,053 - core.config - DEBUG - Read dynamic attribute jwt_secret_key from environment variable JWT_SECRET_KEY
2026-01-17 03:07:23,053 - core.config - DEBUG - Read dynamic attribute jwt_algorithm from environment variable JWT_ALGORITHM
2026-01-17 03:07:23,075 - core.auth - DEBUG - Authentication token validated for user hash: 1fe0bfd6
2026-01-17 03:07:23,304 - core.auth - DEBUG - Authentication token validated for user hash: 1fe0bfd6
2026-01-17 03:07:23,304 - core.database - DEBUG - [DB_OP] Starting get_db session creation
2026-01-17 03:07:23,305 - core.database - DEBUG - [DB_OP] Database session created successfully in 0.0002s
2026-01-17 03:07:23,305 - routers.analytics - INFO - Analytics request - anno: None, mese: None, categoria: None
2026-01-17 03:07:23,314 - core.auth - DEBUG - Authentication token validated for user hash: 1fe0bfd6
2026-01-17 03:07:23,314 - core.database - DEBUG - [DB_OP] Starting get_db session creation
2026-01-17 03:07:23,314 - core.database - DEBUG - [DB_OP] Database session created successfully in 0.0001s
2026-01-17 03:07:23,314 - routers.analytics - INFO - Analytics request - anno: None, mese: None, categoria: None
2026-01-17 03:07:24,027 - routers.analytics - INFO - Acquisti categories: ['Kit', 'Prize']
2026-01-17 03:07:24,027 - routers.analytics - INFO - Vendite categories: ['Kit', 'Prize', 'Nendo', 'Big', 'Banco', 'Plush']
2026-01-17 03:07:24,028 - routers.analytics - INFO - Returning 6 categories
2026-01-17 03:07:24,269 - core.database - DEBUG - [DB_OP] Database session cleanup after 0.9649s
2026-01-17 03:07:24,639 - routers.analytics - INFO - Acquisti categories: ['Kit', 'Prize']
2026-01-17 03:07:24,639 - routers.analytics - INFO - Vendite categories: ['Kit', 'Prize', 'Nendo', 'Big', 'Banco', 'Plush']
2026-01-17 03:07:24,639 - routers.analytics - INFO - Returning 6 categories
2026-01-17 03:07:24,887 - core.database - DEBUG - [DB_OP] Database session cleanup after 1.5728s
2026-01-17 03:08:01,692 - services.database - DEBUG - [DB_OP] Starting database close
2026-01-17 03:08:01,820 - core.database - INFO - Database connection closed and engine disposed
2026-01-17 03:08:01,821 - services.database - INFO - Database connections closed
2026-01-17 03:08:01,821 - services.database - DEBUG - [DB_OP] Database close completed in 0.1290s
