2026-01-17 03:11:15,324 - main - INFO - === Logging system initialized ===
2026-01-17 03:11:15,324 - main - INFO - Log file: logs/app_20260117_031115.log
2026-01-17 03:11:15,324 - main - INFO - Log level: INFO
2026-01-17 03:11:15,324 - main - INFO - Timestamp: 20260117_031115
2026-01-17 03:11:15,368 - main - INFO - Included router: routers.acquisti.router
2026-01-17 03:11:15,861 - main - INFO - Included router: routers.aihub.router
2026-01-17 03:11:15,879 - main - INFO - Included router: routers.analytics.router
2026-01-17 03:11:15,886 - main - INFO - Included router: routers.auth.router
2026-01-17 03:11:15,955 - main - INFO - Included router: routers.data.router
2026-01-17 03:11:15,984 - main - INFO - Included router: routers.fornitori.router
2026-01-17 03:11:15,986 - main - INFO - Included router: routers.health.router
2026-01-17 03:11:15,998 - main - INFO - Included router: routers.settings.router
2026-01-17 03:11:16,169 - main - INFO - Included router: routers.storage.router
2026-01-17 03:11:16,198 - main - INFO - Included router: routers.upload.router
2026-01-17 03:11:16,204 - main - INFO - Included router: routers.user.router
2026-01-17 03:11:16,236 - main - INFO - Included router: routers.vendite.router
2026-01-17 03:11:16,237 - main - INFO - === Application startup initiated ===
2026-01-17 03:11:16,237 - services.database - DEBUG - [DB_OP] Starting database initialization
2026-01-17 03:11:16,237 - services.database - INFO - 🔧 Starting database initialization...
2026-01-17 03:11:16,237 - core.database - INFO - Starting database initialization...
2026-01-17 03:11:16,237 - core.config - DEBUG - Read dynamic attribute database_url from environment variable DATABASE_URL
2026-01-17 03:11:16,237 - core.database - INFO - Normalizing database URL for async compatibility...
2026-01-17 03:11:16,238 - core.database - INFO - Creating async database engine...
2026-01-17 03:11:16,238 - core.database - INFO - Using QueuePool with connection pooling for non-Lambda environment
2026-01-17 03:11:16,281 - core.database - INFO - Database engine created successfully
2026-01-17 03:11:16,281 - core.database - INFO - Creating async session maker...
2026-01-17 03:11:16,281 - core.database - INFO - Async session maker created successfully
2026-01-17 03:11:16,281 - core.database - INFO - Database connection initialized successfully
2026-01-17 03:11:16,281 - services.database - INFO - 🔧 Database connection initialized, now creating tables if tables not exist...
2026-01-17 03:11:16,281 - core.database - DEBUG - [DB_OP] Starting create_tables
2026-01-17 03:11:16,282 - core.database - INFO - 🔧 Starting table creation...
2026-01-17 03:11:18,154 - core.database - INFO - Tables initialized successfully
2026-01-17 03:11:18,154 - core.database - DEBUG - [DB_OP] Create tables completed in 1.8727s
2026-01-17 03:11:18,217 - services.database - INFO - 🔧 Table creation completed
2026-01-17 03:11:18,218 - services.database - INFO - Database initialized successfully
2026-01-17 03:11:18,218 - services.database - DEBUG - [DB_OP] Database initialization completed in 1.9808s
2026-01-17 03:11:18,219 - services.mock_data - INFO - Processing mock data file fornitori.json for table fornitori
2026-01-17 03:11:20,365 - services.mock_data - INFO - Table fornitori already has 5 rows; skipping mock insert
2026-01-17 03:11:20,428 - services.database - DEBUG - [DB_OP] Starting database initialization
2026-01-17 03:11:20,429 - services.database - INFO - 🔧 Starting database initialization...
2026-01-17 03:11:20,429 - core.database - INFO - Starting database initialization...
2026-01-17 03:11:20,429 - core.database - INFO - Database already initialized
2026-01-17 03:11:20,429 - services.database - INFO - 🔧 Database connection initialized, now creating tables if tables not exist...
2026-01-17 03:11:20,429 - core.database - DEBUG - [DB_OP] Starting create_tables
2026-01-17 03:11:20,429 - core.database - INFO - Tables already initialized
2026-01-17 03:11:20,429 - services.database - INFO - 🔧 Table creation completed
2026-01-17 03:11:20,430 - services.database - INFO - Database initialized successfully
2026-01-17 03:11:20,430 - services.database - DEBUG - [DB_OP] Database initialization completed in 0.0014s
2026-01-17 03:11:20,430 - core.config - DEBUG - Read dynamic attribute admin_user_id from environment variable ADMIN_USER_ID
2026-01-17 03:11:20,430 - core.config - DEBUG - Read dynamic attribute admin_user_email from environment variable ADMIN_USER_EMAIL
2026-01-17 03:11:20,811 - services.auth - DEBUG - Admin user 476166 already exists
2026-01-17 03:11:20,874 - main - INFO - === Application startup completed successfully ===
2026-01-17 03:11:55,377 - dependencies.auth - DEBUG - Authentication required for request GET /api/v1/auth/me
2026-01-17 03:13:13,501 - services.database - DEBUG - [DB_OP] Starting database close
2026-01-17 03:13:13,568 - core.database - INFO - Database connection closed and engine disposed
2026-01-17 03:13:13,568 - services.database - INFO - Database connections closed
2026-01-17 03:13:13,568 - services.database - DEBUG - [DB_OP] Database close completed in 0.0669s
