2026-01-17 03:06:17,278 - main - INFO - === Logging system initialized ===
2026-01-17 03:06:17,278 - main - INFO - Log file: logs/app_20260117_030617.log
2026-01-17 03:06:17,278 - main - INFO - Log level: INFO
2026-01-17 03:06:17,278 - main - INFO - Timestamp: 20260117_030617
2026-01-17 03:06:17,322 - main - INFO - Included router: routers.acquisti.router
2026-01-17 03:06:17,843 - main - INFO - Included router: routers.aihub.router
2026-01-17 03:06:17,894 - main - INFO - Included router: routers.analytics.router
2026-01-17 03:06:17,901 - main - INFO - Included router: routers.auth.router
2026-01-17 03:06:17,932 - main - INFO - Included router: routers.fornitori.router
2026-01-17 03:06:17,934 - main - INFO - Included router: routers.health.router
2026-01-17 03:06:17,946 - main - INFO - Included router: routers.settings.router
2026-01-17 03:06:18,053 - main - INFO - Included router: routers.storage.router
2026-01-17 03:06:18,071 - main - INFO - Included router: routers.upload.router
2026-01-17 03:06:18,078 - main - INFO - Included router: routers.user.router
2026-01-17 03:06:18,110 - main - INFO - Included router: routers.vendite.router
2026-01-17 03:06:18,111 - main - INFO - === Application startup initiated ===
2026-01-17 03:06:18,111 - services.database - DEBUG - [DB_OP] Starting database initialization
2026-01-17 03:06:18,111 - services.database - INFO - 🔧 Starting database initialization...
2026-01-17 03:06:18,111 - core.database - INFO - Starting database initialization...
2026-01-17 03:06:18,111 - core.config - DEBUG - Read dynamic attribute database_url from environment variable DATABASE_URL
2026-01-17 03:06:18,111 - core.database - INFO - Normalizing database URL for async compatibility...
2026-01-17 03:06:18,112 - core.database - INFO - Creating async database engine...
2026-01-17 03:06:18,112 - core.database - INFO - Using QueuePool with connection pooling for non-Lambda environment
2026-01-17 03:06:18,166 - core.database - INFO - Database engine created successfully
2026-01-17 03:06:18,166 - core.database - INFO - Creating async session maker...
2026-01-17 03:06:18,166 - core.database - INFO - Async session maker created successfully
2026-01-17 03:06:18,166 - core.database - INFO - Database connection initialized successfully
2026-01-17 03:06:18,166 - services.database - INFO - 🔧 Database connection initialized, now creating tables if tables not exist...
2026-01-17 03:06:18,166 - core.database - DEBUG - [DB_OP] Starting create_tables
2026-01-17 03:06:18,166 - core.database - INFO - 🔧 Starting table creation...
2026-01-17 03:06:19,946 - core.database - INFO - Tables initialized successfully
2026-01-17 03:06:19,947 - core.database - DEBUG - [DB_OP] Create tables completed in 1.7804s
2026-01-17 03:06:20,006 - services.database - INFO - 🔧 Table creation completed
2026-01-17 03:06:20,006 - services.database - INFO - Database initialized successfully
2026-01-17 03:06:20,007 - services.database - DEBUG - [DB_OP] Database initialization completed in 1.8959s
2026-01-17 03:06:20,008 - services.mock_data - INFO - Processing mock data file fornitori.json for table fornitori
2026-01-17 03:06:22,044 - services.mock_data - INFO - Table fornitori already has 5 rows; skipping mock insert
2026-01-17 03:06:22,109 - services.database - DEBUG - [DB_OP] Starting database initialization
2026-01-17 03:06:22,109 - services.database - INFO - 🔧 Starting database initialization...
2026-01-17 03:06:22,109 - core.database - INFO - Starting database initialization...
2026-01-17 03:06:22,109 - core.database - INFO - Database already initialized
2026-01-17 03:06:22,109 - services.database - INFO - 🔧 Database connection initialized, now creating tables if tables not exist...
2026-01-17 03:06:22,110 - core.database - DEBUG - [DB_OP] Starting create_tables
2026-01-17 03:06:22,110 - core.database - INFO - Tables already initialized
2026-01-17 03:06:22,110 - services.database - INFO - 🔧 Table creation completed
2026-01-17 03:06:22,110 - services.database - INFO - Database initialized successfully
2026-01-17 03:06:22,110 - services.database - DEBUG - [DB_OP] Database initialization completed in 0.0011s
2026-01-17 03:06:22,110 - core.config - DEBUG - Read dynamic attribute admin_user_id from environment variable ADMIN_USER_ID
2026-01-17 03:06:22,110 - core.config - DEBUG - Read dynamic attribute admin_user_email from environment variable ADMIN_USER_EMAIL
2026-01-17 03:06:22,476 - services.auth - DEBUG - Admin user 476166 already exists
2026-01-17 03:06:22,535 - main - INFO - === Application startup completed successfully ===
2026-01-17 03:06:44,360 - dependencies.auth - DEBUG - Authentication required for request GET /api/v1/auth/me
2026-01-17 03:06:46,093 - core.config - DEBUG - Read dynamic attribute jwt_secret_key from environment variable JWT_SECRET_KEY
2026-01-17 03:06:46,093 - core.config - DEBUG - Read dynamic attribute jwt_algorithm from environment variable JWT_ALGORITHM
2026-01-17 03:06:46,118 - core.auth - DEBUG - Authentication token validated for user hash: 1fe0bfd6
2026-01-17 03:06:46,353 - core.auth - DEBUG - Authentication token validated for user hash: 1fe0bfd6
2026-01-17 03:06:46,354 - core.database - DEBUG - [DB_OP] Starting get_db session creation
2026-01-17 03:06:46,354 - core.database - DEBUG - [DB_OP] Database session created successfully in 0.0002s
2026-01-17 03:06:46,354 - routers.analytics - INFO - Analytics request - anno: None, mese: None, categoria: None
2026-01-17 03:06:46,356 - core.auth - DEBUG - Authentication token validated for user hash: 1fe0bfd6
2026-01-17 03:06:46,356 - core.database - DEBUG - [DB_OP] Starting get_db session creation
2026-01-17 03:06:46,356 - core.database - DEBUG - [DB_OP] Database session created successfully in 0.0001s
2026-01-17 03:06:46,356 - routers.analytics - INFO - Analytics request - anno: None, mese: None, categoria: None
2026-01-17 03:06:47,083 - routers.analytics - INFO - Acquisti categories: ['Kit', 'Prize']
2026-01-17 03:06:47,083 - routers.analytics - INFO - Vendite categories: ['Kit', 'Prize', 'Nendo', 'Big', 'Banco', 'Plush']
2026-01-17 03:06:47,084 - routers.analytics - INFO - Returning 6 categories
2026-01-17 03:06:47,326 - core.database - DEBUG - [DB_OP] Database session cleanup after 0.9726s
2026-01-17 03:06:47,724 - routers.analytics - INFO - Acquisti categories: ['Kit', 'Prize']
2026-01-17 03:06:47,724 - routers.analytics - INFO - Vendite categories: ['Kit', 'Prize', 'Nendo', 'Big', 'Banco', 'Plush']
2026-01-17 03:06:47,724 - routers.analytics - INFO - Returning 6 categories
2026-01-17 03:06:47,981 - core.database - DEBUG - [DB_OP] Database session cleanup after 1.6245s
2026-01-17 03:06:56,140 - services.database - DEBUG - [DB_OP] Starting database close
2026-01-17 03:06:56,269 - core.database - INFO - Database connection closed and engine disposed
2026-01-17 03:06:56,269 - services.database - INFO - Database connections closed
2026-01-17 03:06:56,269 - services.database - DEBUG - [DB_OP] Database close completed in 0.1289s
