2026-01-17 03:43:01,614 - main - INFO - === Logging system initialized ===
2026-01-17 03:43:01,615 - main - INFO - Log file: logs/app_20260117_034301.log
2026-01-17 03:43:01,615 - main - INFO - Log level: INFO
2026-01-17 03:43:01,615 - main - INFO - Timestamp: 20260117_034301
2026-01-17 03:43:01,664 - main - INFO - Included router: routers.acquisti.router
2026-01-17 03:43:02,289 - main - INFO - Included router: routers.aihub.router
2026-01-17 03:43:02,303 - main - INFO - Included router: routers.analytics.router
2026-01-17 03:43:02,312 - main - INFO - Included router: routers.auth.router
2026-01-17 03:43:02,337 - main - INFO - Included router: routers.custom_auth.router
2026-01-17 03:43:02,351 - main - INFO - Included router: routers.data.router
2026-01-17 03:43:02,379 - main - INFO - Included router: routers.fornitori.router
2026-01-17 03:43:02,380 - main - INFO - Included router: routers.health.router
2026-01-17 03:43:02,394 - main - INFO - Included router: routers.settings.router
2026-01-17 03:43:02,534 - main - INFO - Included router: routers.storage.router
2026-01-17 03:43:02,551 - main - INFO - Included router: routers.upload.router
2026-01-17 03:43:02,559 - main - INFO - Included router: routers.user.router
2026-01-17 03:43:02,591 - main - INFO - Included router: routers.vendite.router
2026-01-17 03:43:02,593 - main - INFO - === Application startup initiated ===
2026-01-17 03:43:02,593 - services.database - DEBUG - [DB_OP] Starting database initialization
2026-01-17 03:43:02,593 - services.database - INFO - 🔧 Starting database initialization...
2026-01-17 03:43:02,593 - core.database - INFO - Starting database initialization...
2026-01-17 03:43:02,593 - core.config - DEBUG - Read dynamic attribute database_url from environment variable DATABASE_URL
2026-01-17 03:43:02,593 - core.database - INFO - Normalizing database URL for async compatibility...
2026-01-17 03:43:02,594 - core.database - INFO - Creating async database engine...
2026-01-17 03:43:02,594 - core.database - INFO - Using QueuePool with connection pooling for non-Lambda environment
2026-01-17 03:43:02,634 - core.database - INFO - Database engine created successfully
2026-01-17 03:43:02,634 - core.database - INFO - Creating async session maker...
2026-01-17 03:43:02,634 - core.database - INFO - Async session maker created successfully
2026-01-17 03:43:02,635 - core.database - INFO - Database connection initialized successfully
2026-01-17 03:43:02,635 - services.database - INFO - 🔧 Database connection initialized, now creating tables if tables not exist...
2026-01-17 03:43:02,635 - core.database - DEBUG - [DB_OP] Starting create_tables
2026-01-17 03:43:02,635 - core.database - INFO - 🔧 Starting table creation...
2026-01-17 03:43:04,426 - core.database - INFO - Tables initialized successfully
2026-01-17 03:43:04,427 - core.database - DEBUG - [DB_OP] Create tables completed in 1.7918s
2026-01-17 03:43:04,487 - services.database - INFO - 🔧 Table creation completed
2026-01-17 03:43:04,487 - services.database - INFO - Database initialized successfully
2026-01-17 03:43:04,487 - services.database - DEBUG - [DB_OP] Database initialization completed in 1.8946s
2026-01-17 03:43:04,490 - services.mock_data - INFO - Processing mock data file fornitori.json for table fornitori
2026-01-17 03:43:06,537 - services.mock_data - INFO - Table fornitori already has 5 rows; skipping mock insert
2026-01-17 03:43:06,598 - services.database - DEBUG - [DB_OP] Starting database initialization
2026-01-17 03:43:06,598 - services.database - INFO - 🔧 Starting database initialization...
2026-01-17 03:43:06,599 - core.database - INFO - Starting database initialization...
2026-01-17 03:43:06,599 - core.database - INFO - Database already initialized
2026-01-17 03:43:06,599 - services.database - INFO - 🔧 Database connection initialized, now creating tables if tables not exist...
2026-01-17 03:43:06,599 - core.database - DEBUG - [DB_OP] Starting create_tables
2026-01-17 03:43:06,599 - core.database - INFO - Tables already initialized
2026-01-17 03:43:06,599 - services.database - INFO - 🔧 Table creation completed
2026-01-17 03:43:06,599 - services.database - INFO - Database initialized successfully
2026-01-17 03:43:06,599 - services.database - DEBUG - [DB_OP] Database initialization completed in 0.0011s
2026-01-17 03:43:06,599 - core.config - DEBUG - Read dynamic attribute admin_user_id from environment variable ADMIN_USER_ID
2026-01-17 03:43:06,599 - core.config - DEBUG - Read dynamic attribute admin_user_email from environment variable ADMIN_USER_EMAIL
2026-01-17 03:43:06,966 - services.auth - DEBUG - Admin user 476166 already exists
2026-01-17 03:43:07,027 - main - INFO - === Application startup completed successfully ===
2026-01-17 03:44:23,903 - services.database - DEBUG - [DB_OP] Starting database close
2026-01-17 03:44:23,967 - core.database - INFO - Database connection closed and engine disposed
2026-01-17 03:44:23,968 - services.database - INFO - Database connections closed
2026-01-17 03:44:23,968 - services.database - DEBUG - [DB_OP] Database close completed in 0.0644s
