2026-01-17 02:49:02,622 - main - INFO - === Logging system initialized ===
2026-01-17 02:49:02,622 - main - INFO - Log file: logs/app_20260117_024902.log
2026-01-17 02:49:02,622 - main - INFO - === Logging system initialized ===
2026-01-17 02:49:02,622 - main - INFO - Log level: INFO
2026-01-17 02:49:02,622 - main - INFO - Log file: logs/app_20260117_024902.log
2026-01-17 02:49:02,622 - main - INFO - Timestamp: 20260117_024902
2026-01-17 02:49:02,622 - main - INFO - Log level: INFO
2026-01-17 02:49:02,622 - main - INFO - Timestamp: 20260117_024902
2026-01-17 02:49:02,673 - main - INFO - Included router: routers.acquisti.router
2026-01-17 02:49:02,677 - main - INFO - Included router: routers.acquisti.router
2026-01-17 02:49:03,267 - main - INFO - Included router: routers.aihub.router
2026-01-17 02:49:03,269 - main - INFO - Included router: routers.aihub.router
2026-01-17 02:49:03,776 - main - INFO - Included router: routers.analytics.router
2026-01-17 02:49:03,778 - main - INFO - Included router: routers.analytics.router
2026-01-17 02:49:03,787 - main - INFO - Included router: routers.auth.router
2026-01-17 02:49:03,787 - main - INFO - Included router: routers.auth.router
2026-01-17 02:49:03,815 - main - INFO - Included router: routers.fornitori.router
2026-01-17 02:49:03,815 - main - INFO - Included router: routers.fornitori.router
2026-01-17 02:49:03,816 - main - INFO - Included router: routers.health.router
2026-01-17 02:49:03,816 - main - INFO - Included router: routers.health.router
2026-01-17 02:49:03,829 - main - INFO - Included router: routers.settings.router
2026-01-17 02:49:03,829 - main - INFO - Included router: routers.settings.router
2026-01-17 02:49:03,911 - main - INFO - Included router: routers.storage.router
2026-01-17 02:49:03,927 - main - INFO - Included router: routers.upload.router
2026-01-17 02:49:03,944 - main - INFO - Included router: routers.user.router
2026-01-17 02:49:03,953 - main - INFO - Included router: routers.storage.router
2026-01-17 02:49:03,973 - main - INFO - Included router: routers.vendite.router
2026-01-17 02:49:03,974 - main - INFO - === Application startup initiated ===
2026-01-17 02:49:03,974 - main - INFO - Included router: routers.upload.router
2026-01-17 02:49:03,974 - services.database - DEBUG - [DB_OP] Starting database initialization
2026-01-17 02:49:03,975 - services.database - INFO - 🔧 Starting database initialization...
2026-01-17 02:49:03,975 - core.database - INFO - Starting database initialization...
2026-01-17 02:49:03,975 - core.config - DEBUG - Read dynamic attribute database_url from environment variable DATABASE_URL
2026-01-17 02:49:03,975 - core.database - INFO - Normalizing database URL for async compatibility...
2026-01-17 02:49:03,976 - core.database - INFO - Creating async database engine...
2026-01-17 02:49:03,976 - core.database - INFO - Using QueuePool with connection pooling for non-Lambda environment
2026-01-17 02:49:03,980 - main - INFO - Included router: routers.user.router
2026-01-17 02:49:04,010 - main - INFO - Included router: routers.vendite.router
2026-01-17 02:49:04,011 - main - INFO - === Application startup initiated ===
2026-01-17 02:49:04,011 - services.database - DEBUG - [DB_OP] Starting database initialization
2026-01-17 02:49:04,012 - services.database - INFO - 🔧 Starting database initialization...
2026-01-17 02:49:04,012 - core.database - INFO - Starting database initialization...
2026-01-17 02:49:04,012 - core.config - DEBUG - Read dynamic attribute database_url from environment variable DATABASE_URL
2026-01-17 02:49:04,012 - core.database - INFO - Normalizing database URL for async compatibility...
2026-01-17 02:49:04,013 - core.database - INFO - Creating async database engine...
2026-01-17 02:49:04,013 - core.database - INFO - Using QueuePool with connection pooling for non-Lambda environment
2026-01-17 02:49:04,046 - core.database - INFO - Database engine created successfully
2026-01-17 02:49:04,047 - core.database - INFO - Creating async session maker...
2026-01-17 02:49:04,047 - core.database - INFO - Async session maker created successfully
2026-01-17 02:49:04,047 - core.database - INFO - Database connection initialized successfully
2026-01-17 02:49:04,047 - services.database - INFO - 🔧 Database connection initialized, now creating tables if tables not exist...
2026-01-17 02:49:04,047 - core.database - DEBUG - [DB_OP] Starting create_tables
2026-01-17 02:49:04,047 - core.database - INFO - 🔧 Starting table creation...
2026-01-17 02:49:04,065 - core.database - INFO - Database engine created successfully
2026-01-17 02:49:04,065 - core.database - INFO - Creating async session maker...
2026-01-17 02:49:04,065 - core.database - INFO - Async session maker created successfully
2026-01-17 02:49:04,066 - core.database - INFO - Database connection initialized successfully
2026-01-17 02:49:04,066 - services.database - INFO - 🔧 Database connection initialized, now creating tables if tables not exist...
2026-01-17 02:49:04,066 - core.database - DEBUG - [DB_OP] Starting create_tables
2026-01-17 02:49:04,066 - core.database - INFO - 🔧 Starting table creation...
2026-01-17 02:49:05,831 - core.database - INFO - Tables initialized successfully
2026-01-17 02:49:05,831 - core.database - DEBUG - [DB_OP] Create tables completed in 1.7838s
2026-01-17 02:49:05,891 - services.database - INFO - 🔧 Table creation completed
2026-01-17 02:49:05,892 - services.database - INFO - Database initialized successfully
2026-01-17 02:49:05,892 - services.database - DEBUG - [DB_OP] Database initialization completed in 1.9173s
2026-01-17 02:49:05,894 - services.mock_data - INFO - Processing mock data file fornitori.json for table fornitori
2026-01-17 02:49:05,914 - core.database - INFO - Tables initialized successfully
2026-01-17 02:49:05,915 - core.database - DEBUG - [DB_OP] Create tables completed in 1.8490s
2026-01-17 02:49:05,977 - services.database - INFO - 🔧 Table creation completed
2026-01-17 02:49:05,977 - services.database - INFO - Database initialized successfully
2026-01-17 02:49:05,977 - services.database - DEBUG - [DB_OP] Database initialization completed in 1.9659s
2026-01-17 02:49:05,978 - services.mock_data - INFO - Processing mock data file fornitori.json for table fornitori
2026-01-17 02:49:07,916 - services.mock_data - INFO - Table fornitori already has 5 rows; skipping mock insert
2026-01-17 02:49:07,976 - services.database - DEBUG - [DB_OP] Starting database initialization
2026-01-17 02:49:07,976 - services.database - INFO - 🔧 Starting database initialization...
2026-01-17 02:49:07,976 - core.database - INFO - Starting database initialization...
2026-01-17 02:49:07,977 - core.database - INFO - Database already initialized
2026-01-17 02:49:07,977 - services.database - INFO - 🔧 Database connection initialized, now creating tables if tables not exist...
2026-01-17 02:49:07,977 - core.database - DEBUG - [DB_OP] Starting create_tables
2026-01-17 02:49:07,977 - core.database - INFO - Tables already initialized
2026-01-17 02:49:07,977 - services.database - INFO - 🔧 Table creation completed
2026-01-17 02:49:07,977 - services.database - INFO - Database initialized successfully
2026-01-17 02:49:07,977 - services.database - DEBUG - [DB_OP] Database initialization completed in 0.0017s
2026-01-17 02:49:07,977 - core.config - DEBUG - Read dynamic attribute admin_user_id from environment variable ADMIN_USER_ID
2026-01-17 02:49:07,978 - core.config - DEBUG - Read dynamic attribute admin_user_email from environment variable ADMIN_USER_EMAIL
2026-01-17 02:49:08,093 - services.mock_data - INFO - Table fornitori already has 5 rows; skipping mock insert
2026-01-17 02:49:08,155 - services.database - DEBUG - [DB_OP] Starting database initialization
2026-01-17 02:49:08,155 - services.database - INFO - 🔧 Starting database initialization...
2026-01-17 02:49:08,156 - core.database - INFO - Starting database initialization...
2026-01-17 02:49:08,156 - core.database - INFO - Database already initialized
2026-01-17 02:49:08,156 - services.database - INFO - 🔧 Database connection initialized, now creating tables if tables not exist...
2026-01-17 02:49:08,156 - core.database - DEBUG - [DB_OP] Starting create_tables
2026-01-17 02:49:08,156 - core.database - INFO - Tables already initialized
2026-01-17 02:49:08,156 - services.database - INFO - 🔧 Table creation completed
2026-01-17 02:49:08,156 - services.database - INFO - Database initialized successfully
2026-01-17 02:49:08,157 - services.database - DEBUG - [DB_OP] Database initialization completed in 0.0015s
2026-01-17 02:49:08,157 - core.config - DEBUG - Read dynamic attribute admin_user_id from environment variable ADMIN_USER_ID
2026-01-17 02:49:08,157 - core.config - DEBUG - Read dynamic attribute admin_user_email from environment variable ADMIN_USER_EMAIL
2026-01-17 02:49:08,343 - services.auth - DEBUG - Admin user 476166 already exists
2026-01-17 02:49:08,403 - main - INFO - === Application startup completed successfully ===
2026-01-17 02:49:08,534 - services.auth - DEBUG - Admin user 476166 already exists
2026-01-17 02:49:08,596 - main - INFO - === Application startup completed successfully ===
2026-01-17 02:50:09,422 - core.config - DEBUG - Read dynamic attribute jwt_secret_key from environment variable JWT_SECRET_KEY
2026-01-17 02:50:09,422 - core.config - DEBUG - Read dynamic attribute jwt_algorithm from environment variable JWT_ALGORITHM
2026-01-17 02:50:09,440 - core.auth - DEBUG - Authentication token validated for user hash: 1fe0bfd6
2026-01-17 02:50:09,673 - core.auth - DEBUG - Authentication token validated for user hash: 1fe0bfd6
2026-01-17 02:50:09,673 - core.database - DEBUG - [DB_OP] Starting get_db session creation
2026-01-17 02:50:09,673 - core.database - DEBUG - [DB_OP] Database session created successfully in 0.0002s
2026-01-17 02:50:10,847 - core.database - DEBUG - [DB_OP] Database session cleanup after 1.1737s
2026-01-17 02:51:23,503 - core.auth - DEBUG - Authentication token validated for user hash: 1fe0bfd6
2026-01-17 02:51:23,716 - core.auth - DEBUG - Authentication token validated for user hash: 1fe0bfd6
2026-01-17 02:51:23,716 - core.database - DEBUG - [DB_OP] Starting get_db session creation
2026-01-17 02:51:23,716 - core.database - DEBUG - [DB_OP] Database session created successfully in 0.0002s
2026-01-17 02:51:24,512 - core.database - DEBUG - [DB_OP] Database session cleanup after 0.7959s
2026-01-17 02:51:28,250 - core.auth - DEBUG - Authentication token validated for user hash: 1fe0bfd6
2026-01-17 02:51:28,250 - core.database - DEBUG - [DB_OP] Starting get_db session creation
2026-01-17 02:51:28,251 - core.database - DEBUG - [DB_OP] Database session created successfully in 0.0003s
2026-01-17 02:51:29,303 - core.database - DEBUG - [DB_OP] Database session cleanup after 1.0523s
2026-01-17 02:51:42,603 - core.auth - DEBUG - Authentication token validated for user hash: 1fe0bfd6
2026-01-17 02:51:42,603 - core.database - DEBUG - [DB_OP] Starting get_db session creation
2026-01-17 02:51:42,604 - core.database - DEBUG - [DB_OP] Database session created successfully in 0.0003s
2026-01-17 02:51:43,355 - core.database - DEBUG - [DB_OP] Database session cleanup after 0.7522s
2026-01-17 02:51:47,958 - core.auth - DEBUG - Authentication token validated for user hash: 1fe0bfd6
2026-01-17 02:51:47,959 - core.database - DEBUG - [DB_OP] Starting get_db session creation
2026-01-17 02:51:47,960 - core.database - DEBUG - [DB_OP] Database session created successfully in 0.0004s
2026-01-17 02:51:48,444 - core.database - DEBUG - [DB_OP] Database session cleanup after 0.4845s
2026-01-17 02:51:51,201 - core.auth - DEBUG - Authentication token validated for user hash: 1fe0bfd6
2026-01-17 02:51:51,202 - core.database - DEBUG - [DB_OP] Starting get_db session creation
2026-01-17 02:51:51,202 - core.database - DEBUG - [DB_OP] Database session created successfully in 0.0003s
2026-01-17 02:51:51,683 - core.database - DEBUG - [DB_OP] Database session cleanup after 0.4818s
2026-01-17 02:51:53,457 - core.auth - DEBUG - Authentication token validated for user hash: 1fe0bfd6
2026-01-17 02:51:53,457 - core.database - DEBUG - [DB_OP] Starting get_db session creation
2026-01-17 02:51:53,457 - core.database - DEBUG - [DB_OP] Database session created successfully in 0.0002s
2026-01-17 02:51:53,954 - core.database - DEBUG - [DB_OP] Database session cleanup after 0.4971s
2026-01-17 02:52:28,110 - core.auth - DEBUG - Authentication token validated for user hash: 1fe0bfd6
2026-01-17 02:52:28,336 - core.auth - DEBUG - Authentication token validated for user hash: 1fe0bfd6
2026-01-17 02:52:28,337 - core.database - DEBUG - [DB_OP] Starting get_db session creation
2026-01-17 02:52:28,337 - core.database - DEBUG - [DB_OP] Database session created successfully in 0.0002s
2026-01-17 02:52:29,141 - core.database - DEBUG - [DB_OP] Database session cleanup after 0.8046s
2026-01-17 02:52:31,727 - core.auth - DEBUG - Authentication token validated for user hash: 1fe0bfd6
2026-01-17 02:52:31,727 - core.database - DEBUG - [DB_OP] Starting get_db session creation
2026-01-17 02:52:31,727 - core.database - DEBUG - [DB_OP] Database session created successfully in 0.0002s
2026-01-17 02:52:32,384 - core.database - DEBUG - [DB_OP] Database session cleanup after 0.6565s
2026-01-17 02:52:39,199 - core.auth - DEBUG - Authentication token validated for user hash: 1fe0bfd6
2026-01-17 02:52:39,200 - core.database - DEBUG - [DB_OP] Starting get_db session creation
2026-01-17 02:52:39,200 - core.database - DEBUG - [DB_OP] Database session created successfully in 0.0002s
2026-01-17 02:52:39,705 - core.database - DEBUG - [DB_OP] Database session cleanup after 0.5057s
2026-01-17 03:01:26,700 - services.database - DEBUG - [DB_OP] Starting database close
2026-01-17 03:01:26,701 - core.database - INFO - Database connection closed and engine disposed
2026-01-17 03:01:26,701 - services.database - INFO - Database connections closed
2026-01-17 03:01:26,701 - services.database - DEBUG - [DB_OP] Database close completed in 0.0014s
2026-01-17 03:01:26,703 - services.database - DEBUG - [DB_OP] Starting database close
2026-01-17 03:01:26,704 - core.database - INFO - Database connection closed and engine disposed
2026-01-17 03:01:26,704 - services.database - INFO - Database connections closed
2026-01-17 03:01:26,704 - services.database - DEBUG - [DB_OP] Database close completed in 0.0013s
